// Jest Snapshot v1, https://goo.gl/fbAQLP

exports[`Header correct render should match snapshot 1`] = `
<DocumentFragment>
  <header
    id="header"
  >
    <div
      id="author"
    >
      <p>
        ilya [alaie] shafeev
      </p>
      <p>
        Â©2023
      </p>
    </div>
    <div
      id="greetings"
    >
      <div
        id="title"
      >
        <p>
          front-end mentor
        </p>
        <p>
          challenges
        </p>
      </div>
      <div
        id="description"
      >
        <p>
          This website contains my solutions for Frontend Mentor challenges. All challenges made as individual web projects, so they include using of frameworks, linters, testing and e.t.c. to make practice building websites in a realistic workflow. All of these challenges help improve skills and gain experience creating websites.
        </p>
      </div>
      <a
        href="/"
        id="github"
        rel="noopener noreferrer"
        target="_blank"
      >
        <div
          height="20"
          width="20"
        />
        GITHUB
        <div
          height="20"
          width="20"
        />
      </a>
    </div>
  </header>
</DocumentFragment>
`;
