// Jest Snapshot v1, https://goo.gl/fbAQLP

exports[`Finish correct render should match snapshot 1`] = `
<DocumentFragment>
  <div
    id="step"
  >
    <div
      id="content"
    >
      <div
        height="80"
        width="80"
      />
      <h1>
        Thank you!
      </h1>
      <p>
        Thanks for confirming your subscription! We hope you have fun using our platform. If you ever need support, please feel free to email us at support@loremgaming.com.
      </p>
    </div>
  </div>
</DocumentFragment>
`;
