// Jest Snapshot v1, https://goo.gl/fbAQLP

exports[`LaunchCountdownTimer correct render should match snapshot 1`] = `
<DocumentFragment>
  <header>
    <h1>
      WE'RE LAUNCHING SOON
    </h1>
  </header>
  <main>
    <div
      id="background"
    >
      <img
        alt="bg-stars"
        src="SvgrURL"
      />
      <img
        alt="bg-hills"
        src="SvgrURL"
      />
    </div>
    <div
      class="digit"
    >
      <div
        class="box"
      >
        <div
          class="top"
        >
          <p>
            00
          </p>
        </div>
        <div
          class="middle"
        >
          <div
            class="front"
          >
            <p>
              00
            </p>
          </div>
          <div
            class="back"
          >
            <p>
              00
            </p>
          </div>
        </div>
        <div
          class="bottom"
        >
          <p>
            00
          </p>
        </div>
      </div>
      <div
        class="label"
      >
        <p>
          days
        </p>
      </div>
    </div>
    <div
      class="digit"
    >
      <div
        class="box"
      >
        <div
          class="top"
        >
          <p>
            00
          </p>
        </div>
        <div
          class="middle"
        >
          <div
            class="front"
          >
            <p>
              00
            </p>
          </div>
          <div
            class="back"
          >
            <p>
              00
            </p>
          </div>
        </div>
        <div
          class="bottom"
        >
          <p>
            00
          </p>
        </div>
      </div>
      <div
        class="label"
      >
        <p>
          hours
        </p>
      </div>
    </div>
    <div
      class="digit"
    >
      <div
        class="box"
      >
        <div
          class="top"
        >
          <p>
            00
          </p>
        </div>
        <div
          class="middle"
        >
          <div
            class="front"
          >
            <p>
              00
            </p>
          </div>
          <div
            class="back"
          >
            <p>
              00
            </p>
          </div>
        </div>
        <div
          class="bottom"
        >
          <p>
            00
          </p>
        </div>
      </div>
      <div
        class="label"
      >
        <p>
          minuts
        </p>
      </div>
    </div>
    <div
      class="digit"
    >
      <div
        class="box"
      >
        <div
          class="top"
        >
          <p>
            00
          </p>
        </div>
        <div
          class="middle"
        >
          <div
            class="front"
          >
            <p>
              00
            </p>
          </div>
          <div
            class="back"
          >
            <p>
              00
            </p>
          </div>
        </div>
        <div
          class="bottom"
        >
          <p>
            00
          </p>
        </div>
      </div>
      <div
        class="label"
      >
        <p>
          seconds
        </p>
      </div>
    </div>
  </main>
  <footer>
    <ul>
      <li>
        <a
          aria-label="facebook link"
          href=""
          rel="noreferrer"
          target="_blank"
        >
          <div />
        </a>
      </li>
      <li>
        <a
          aria-label="pinterest link"
          href=""
          rel="noreferrer"
          target="_blank"
        >
          <div />
        </a>
      </li>
      <li>
        <a
          aria-label="instagram link"
          href=""
          rel="noreferrer"
          target="_blank"
        >
          <div />
        </a>
      </li>
    </ul>
  </footer>
</DocumentFragment>
`;
