// Jest Snapshot v1, https://goo.gl/fbAQLP

exports[`Timer testing... Snapshot testing 1`] = `
<DocumentFragment>
  <div
    class="digit"
  >
    <div
      class="box"
    >
      <div
        class="top"
      >
        <p>
          00
        </p>
      </div>
      <div
        class="middle"
      >
        <div
          class="front"
        >
          <p>
            00
          </p>
        </div>
        <div
          class="back"
        >
          <p>
            00
          </p>
        </div>
      </div>
      <div
        class="bottom"
      >
        <p>
          00
        </p>
      </div>
    </div>
    <div
      class="label"
    >
      <p>
        days
      </p>
    </div>
  </div>
  <div
    class="digit"
  >
    <div
      class="box"
    >
      <div
        class="top"
      >
        <p>
          00
        </p>
      </div>
      <div
        class="middle"
      >
        <div
          class="front"
        >
          <p>
            00
          </p>
        </div>
        <div
          class="back"
        >
          <p>
            00
          </p>
        </div>
      </div>
      <div
        class="bottom"
      >
        <p>
          00
        </p>
      </div>
    </div>
    <div
      class="label"
    >
      <p>
        hours
      </p>
    </div>
  </div>
  <div
    class="digit"
  >
    <div
      class="box"
    >
      <div
        class="top"
      >
        <p>
          00
        </p>
      </div>
      <div
        class="middle"
      >
        <div
          class="front"
        >
          <p>
            00
          </p>
        </div>
        <div
          class="back"
        >
          <p>
            00
          </p>
        </div>
      </div>
      <div
        class="bottom"
      >
        <p>
          00
        </p>
      </div>
    </div>
    <div
      class="label"
    >
      <p>
        minuts
      </p>
    </div>
  </div>
  <div
    class="digit"
  >
    <div
      class="box"
    >
      <div
        class="top"
      >
        <p>
          00
        </p>
      </div>
      <div
        class="middle"
      >
        <div
          class="front"
        >
          <p>
            00
          </p>
        </div>
        <div
          class="back"
        >
          <p>
            00
          </p>
        </div>
      </div>
      <div
        class="bottom"
      >
        <p>
          00
        </p>
      </div>
    </div>
    <div
      class="label"
    >
      <p>
        seconds
      </p>
    </div>
  </div>
</DocumentFragment>
`;
